// Jest Snapshot v1, https://goo.gl/fbAQLP

exports[`<Button> Should render the expected template 1`] = `
ShallowWrapper {
  Symbol(enzyme.__root__): [Circular],
  Symbol(enzyme.__unrendered__): <Unknown
    clicked={[MockFunction]}
    disabled={true}
  >
    My test button
  </Unknown>,
  Symbol(enzyme.__renderer__): Object {
    "batchedUpdates": [Function],
    "getNode": [Function],
    "render": [Function],
    "simulateError": [Function],
    "simulateEvent": [Function],
    "unmount": [Function],
  },
  Symbol(enzyme.__node__): Object {
    "instance": null,
    "key": undefined,
    "nodeType": "host",
    "props": Object {
      "children": "My test button",
      "disabled": true,
      "onClick": [MockFunction],
      "style": Object {
        "backgroundColor": "#BBB",
        "border": "1px solid green",
        "color": "white",
        "fontSize": "18px",
        "marginRight": "5px",
        "padding": "7px",
      },
    },
    "ref": null,
    "rendered": "My test button",
    "type": "button",
  },
  Symbol(enzyme.__nodes__): Array [
    Object {
      "instance": null,
      "key": undefined,
      "nodeType": "host",
      "props": Object {
        "children": "My test button",
        "disabled": true,
        "onClick": [MockFunction],
        "style": Object {
          "backgroundColor": "#BBB",
          "border": "1px solid green",
          "color": "white",
          "fontSize": "18px",
          "marginRight": "5px",
          "padding": "7px",
        },
      },
      "ref": null,
      "rendered": "My test button",
      "type": "button",
    },
  ],
  Symbol(enzyme.__options__): Object {
    "adapter": ReactSixteenAdapter {
      "options": Object {
        "enableComponentDidUpdateOnSetState": true,
        "lifecycles": Object {
          "componentDidUpdate": Object {
            "onSetState": true,
          },
          "getDerivedStateFromProps": true,
          "getSnapshotBeforeUpdate": true,
          "setState": Object {
            "skipsComponentDidUpdateOnNullish": true,
          },
        },
      },
    },
    "attachTo": undefined,
    "hydrateIn": undefined,
  },
}
`;
